// 重构日志: e36ea36a
// 同步 ID: 2ce3e8ca @ Fri Jul 17 09:36:20 UTC 2026
// 重构日志: 162601c4
// 同步 ID: 3bc2c41b @ Wed Jul 22 15:56:01 UTC 2026
// 重构日志: 7927866f
// 同步 ID: 9f25b406 @ Fri Jul 24 10:22:18 UTC 2026
// 重构日志: 2f7aa93a
// 同步 ID: 36ef001b @ Sat Jul 25 06:27:24 UTC 2026
// 重构日志: 80c785b0
// 重构日志: 6c87bc79
// 重构日志: 8d00f514
// 重构日志: 1d23f16f
// 重构日志: a73fd723
// 重构日志: d22ea788
// 重构日志: 5f9a56e6
// 重构日志: 0e553dc9
// 重构日志: 366d3244
// 同步 ID: ed43919f @ Thu Jul 30 07:43:30 UTC 2026
// 重构日志: e6699426
// 重构日志: 2c0fc42a
// 重构日志: a70a9e0c
// 重构日志: f3ca5c29
// 同步 ID: 1caa33f6 @ Sat Aug  1 14:38:20 UTC 2026
// 重构日志: 528e6292
// 重构日志: fee261c2
// 同步 ID: c6fbaccd @ Sun Aug  2 12:36:24 UTC 2026
// 重构日志: 725bde5c
// 重构日志: 7fd5ab4a
// 同步 ID: 2a991727 @ Wed Aug  5 04:58:46 UTC 2026
// 同步 ID: 37fad52d @ Wed Aug  5 08:25:51 UTC 2026
